
Discarded input sections

 .group         0x00000000        0x8 build/main.o
 .note.GNU-stack
                0x00000000        0x0 build/main.o
 .group         0x00000000        0x8 build/init.o
 .text.__x86.get_pc_thunk.bx
                0x00000000        0x4 build/init.o
 .note.GNU-stack
                0x00000000        0x0 build/init.o
 .group         0x00000000        0x8 build/interrupt.o
 .group         0x00000000        0x8 build/interrupt.o
 .text.__x86.get_pc_thunk.bx
                0x00000000        0x4 build/interrupt.o
 .note.GNU-stack
                0x00000000        0x0 build/interrupt.o
 .group         0x00000000        0x8 build/timer.o
 .group         0x00000000        0x8 build/timer.o
 .text.__x86.get_pc_thunk.ax
                0x00000000        0x4 build/timer.o
 .text.__x86.get_pc_thunk.bx
                0x00000000        0x4 build/timer.o
 .note.GNU-stack
                0x00000000        0x0 build/timer.o
 .group         0x00000000        0x8 build/debug.o
 .text.__x86.get_pc_thunk.bx
                0x00000000        0x4 build/debug.o
 .note.GNU-stack
                0x00000000        0x0 build/debug.o
 .group         0x00000000        0x8 build/log.o
 .group         0x00000000        0x8 build/log.o
 .text.__x86.get_pc_thunk.ax
                0x00000000        0x4 build/log.o
 .text.__x86.get_pc_thunk.bx
                0x00000000        0x4 build/log.o
 .note.GNU-stack
                0x00000000        0x0 build/log.o
 .group         0x00000000        0x8 build/bitmap.o
 .text.__x86.get_pc_thunk.ax
                0x00000000        0x4 build/bitmap.o
 .note.GNU-stack
                0x00000000        0x0 build/bitmap.o
 .group         0x00000000        0x8 build/memory.o
 .group         0x00000000        0x8 build/memory.o
 .text.__x86.get_pc_thunk.ax
                0x00000000        0x4 build/memory.o
 .text.__x86.get_pc_thunk.bx
                0x00000000        0x4 build/memory.o
 .note.GNU-stack
                0x00000000        0x0 build/memory.o
 .group         0x00000000        0x8 build/string.o
 .text.__x86.get_pc_thunk.ax
                0x00000000        0x4 build/string.o
 .note.GNU-stack
                0x00000000        0x0 build/string.o
 .group         0x00000000        0x8 build/thread.o
 .group         0x00000000        0x8 build/thread.o
 .group         0x00000000        0x8 build/thread.o
 .text.__x86.get_pc_thunk.ax
                0x00000000        0x4 build/thread.o
 .text.__x86.get_pc_thunk.bx
                0x00000000        0x4 build/thread.o
 .note.GNU-stack
                0x00000000        0x0 build/thread.o
 .group         0x00000000        0x8 build/list.o
 .group         0x00000000        0x8 build/list.o
 .text.__x86.get_pc_thunk.ax
                0x00000000        0x4 build/list.o
 .text.__x86.get_pc_thunk.bx
                0x00000000        0x4 build/list.o
 .note.GNU-stack
                0x00000000        0x0 build/list.o
 .group         0x00000000        0x8 build/sync.o
 .group         0x00000000        0x8 build/sync.o
 .text.__x86.get_pc_thunk.ax
                0x00000000        0x4 build/sync.o
 .text.__x86.get_pc_thunk.bx
                0x00000000        0x4 build/sync.o
 .note.GNU-stack
                0x00000000        0x0 build/sync.o
 .group         0x00000000        0x8 build/console.o
 .group         0x00000000        0x8 build/console.o
 .text.__x86.get_pc_thunk.ax
                0x00000000        0x4 build/console.o
 .text.__x86.get_pc_thunk.bx
                0x00000000        0x4 build/console.o
 .note.GNU-stack
                0x00000000        0x0 build/console.o
 .group         0x00000000        0x8 build/keyboard.o
 .group         0x00000000        0x8 build/keyboard.o
 .text.__x86.get_pc_thunk.ax
                0x00000000        0x4 build/keyboard.o
 .text.__x86.get_pc_thunk.bx
                0x00000000        0x4 build/keyboard.o
 .note.GNU-stack
                0x00000000        0x0 build/keyboard.o
 .group         0x00000000        0x8 build/ioqueue.o
 .group         0x00000000        0x8 build/ioqueue.o
 .text.__x86.get_pc_thunk.ax
                0x00000000        0x4 build/ioqueue.o
 .text.__x86.get_pc_thunk.bx
                0x00000000        0x4 build/ioqueue.o
 .note.GNU-stack
                0x00000000        0x0 build/ioqueue.o

Memory Configuration

Name             Origin             Length             Attributes
*default*        0x00000000         0xffffffff

Linker script and memory map

Address of section .text set to 0xc0001500
LOAD build/main.o
LOAD build/init.o
LOAD build/interrupt.o
LOAD build/timer.o
LOAD build/kernel.o
LOAD build/print.o
LOAD build/debug.o
LOAD build/log.o
LOAD build/bitmap.o
LOAD build/memory.o
LOAD build/string.o
LOAD build/thread.o
LOAD build/list.o
LOAD build/switch.o
LOAD build/sync.o
LOAD build/console.o
LOAD build/keyboard.o
LOAD build/ioqueue.o
                [!provide]                        PROVIDE (__executable_start = SEGMENT_START ("text-segment", 0x8048000))
                0x080480f4                        . = (SEGMENT_START ("text-segment", 0x8048000) + SIZEOF_HEADERS)

.interp
 *(.interp)

.note.gnu.build-id
 *(.note.gnu.build-id)

.hash
 *(.hash)

.gnu.hash
 *(.gnu.hash)

.dynsym
 *(.dynsym)

.dynstr
 *(.dynstr)

.gnu.version
 *(.gnu.version)

.gnu.version_d
 *(.gnu.version_d)

.gnu.version_r
 *(.gnu.version_r)

.rel.dyn        0x080480f4        0x0
 *(.rel.init)
 *(.rel.text .rel.text.* .rel.gnu.linkonce.t.*)
 *(.rel.fini)
 *(.rel.rodata .rel.rodata.* .rel.gnu.linkonce.r.*)
 *(.rel.data.rel.ro .rel.data.rel.ro.* .rel.gnu.linkonce.d.rel.ro.*)
 *(.rel.data .rel.data.* .rel.gnu.linkonce.d.*)
 *(.rel.tdata .rel.tdata.* .rel.gnu.linkonce.td.*)
 *(.rel.tbss .rel.tbss.* .rel.gnu.linkonce.tb.*)
 *(.rel.ctors)
 *(.rel.dtors)
 *(.rel.got)
 .rel.got       0x080480f4        0x0 build/main.o
 *(.rel.bss .rel.bss.* .rel.gnu.linkonce.b.*)
 *(.rel.ifunc)

.rel.plt        0x080480f4        0x0
 *(.rel.plt)
                [!provide]                        PROVIDE (__rel_iplt_start = .)
 *(.rel.iplt)
 .rel.iplt      0x080480f4        0x0 build/main.o
                [!provide]                        PROVIDE (__rel_iplt_end = .)

.relr.dyn
 *(.relr.dyn)
                0x08049000                        . = ALIGN (CONSTANT (MAXPAGESIZE))

.init
 *(SORT_NONE(.init))

.plt            0x08049000        0x0
 *(.plt)
 *(.iplt)
 .iplt          0x08049000        0x0 build/main.o

.plt.got
 *(.plt.got)

.plt.sec
 *(.plt.sec)

.text           0xc0001500     0x303d
 *(.text.unlikely .text.*_unlikely .text.unlikely.*)
 *(.text.exit .text.exit.*)
 *(.text.startup .text.startup.*)
 *(.text.hot .text.hot.*)
 *(SORT_BY_NAME(.text.sorted.*))
 *(.text .stub .text.* .gnu.linkonce.t.*)
 .text          0xc0001500       0x5d build/main.o
                0xc0001500                main
 .text.__x86.get_pc_thunk.bx
                0xc000155d        0x4 build/main.o
                0xc000155d                __x86.get_pc_thunk.bx
 .text          0xc0001561       0x5e build/init.o
                0xc0001561                init_all
 .text          0xc00015bf      0x514 build/interrupt.o
                0xc00016d6                intr_enable
                0xc0001709                intr_disable
                0xc000173b                intr_get_status
                0xc0001762                intr_set_status
                0xc0001a40                register_handler
                0xc0001a67                idt_init
 .text.__x86.get_pc_thunk.ax
                0xc0001ad3        0x4 build/interrupt.o
                0xc0001ad3                __x86.get_pc_thunk.ax
 .text          0xc0001ad7      0x1b8 build/timer.o
                0xc0001c23                timer_init
 *fill*         0xc0001c8f        0x1 
 .text          0xc0001c90      0x541 build/kernel.o
                0xc0001c90                intr_exit
 *fill*         0xc00021d1        0xf 
 .text          0xc00021e0      0x14e build/print.o
                0xc00021e0                put_int
                0xc0002243                put_str
                0xc0002261                put_char
                0xc0002310                set_cursor
 .text          0xc000232e       0xe3 build/debug.o
                0xc000232e                panic_spin
 .text          0xc0002411      0x158 build/log.o
                0xc0002411                type_return
                0xc00024cc                mylog
                0xc0002504                mylog2
 .text          0xc0002569      0x254 build/bitmap.o
                0xc0002569                bitmap_init
                0xc000259c                bitmap_scan_test
                0xc00025e5                bitmap_scan
                0xc00026f5                bitmap_set
 .text          0xc00027bd      0x5e5 build/memory.o
                0xc0002c2a                malloc_page
                0xc0002d00                get_kernel_pages
                0xc0002d4a                mem_init
 .text          0xc0002da2      0x4a8 build/string.o
                0xc0002da2                memset
                0xc0002e0b                memcpy
                0xc0002e82                memcmp
                0xc0002f1e                strcpy
                0xc0002f89                strlen
                0xc0002fe6                strcmp
                0xc0003075                strchr
                0xc00030e5                strrchr
                0xc0003155                strcat
                0xc00031d5                strchrs
 .text          0xc000324a      0x609 build/thread.o
                0xc000324a                running_thread
                0xc0003295                thread_create
                0xc0003319                init_thread
                0xc00033c6                thread_start
                0xc000355b                schedule
                0xc0003697                thread_block
                0xc000370c                thread_unblock
                0xc00037ea                thread_init
 .text.__x86.get_pc_thunk.dx
                0xc0003853        0x4 build/thread.o
                0xc0003853                __x86.get_pc_thunk.dx
 .text          0xc0003857      0x25e build/list.o
                0xc0003857                list_init
                0xc000388f                list_insert_before
                0xc00038e3                list_push
                0xc000390b                list_append
                0xc0003933                list_remove
                0xc000397c                list_pop
                0xc00039a8                list_find
                0xc00039ed                list_empty
                0xc0003a10                list_length
                0xc0003a4f                list_traversal
 *fill*         0xc0003ab5        0xb 
 .text          0xc0003ac0       0x15 build/switch.o
                0xc0003ac0                switch_to
 .text          0xc0003ad5      0x38f build/sync.o
                0xc0003ad5                sema_init
                0xc0003b0f                lock_init
                0xc0003b49                sema_down
                0xc0003c65                sema_up
                0xc0003d2f                lock_acquire
                0xc0003db5                lock_release
 .text          0xc0003e64      0x119 build/console.o
                0xc0003e64                console_init
                0xc0003e8f                console_acquire
                0xc0003eba                console_release
                0xc0003ee5                console_put_str
                0xc0003f15                console_put_char
                0xc0003f4d                console_put_int
 .text          0xc0003f7d      0x2fc build/keyboard.o
                0xc0004225                keyboard_init
 .text          0xc0004279      0x2c4 build/ioqueue.o
                0xc0004279                ioqueue_init
                0xc00042f1                is_queue_full
                0xc000431f                is_queue_empty
                0xc00043a4                ioq_getchar
                0xc000446e                ioq_putchar
 *(.gnu.warning)

.fini
 *(SORT_NONE(.fini))
                [!provide]                        PROVIDE (__etext = .)
                [!provide]                        PROVIDE (_etext = .)
                [!provide]                        PROVIDE (etext = .)
                0xc0005000                        . = ALIGN (CONSTANT (MAXPAGESIZE))
                0xc0005000                        . = SEGMENT_START ("rodata-segment", (ALIGN (CONSTANT (MAXPAGESIZE)) + (. & (CONSTANT (MAXPAGESIZE) - 0x1))))

.rodata         0xc0005000      0xaa8
 *(.rodata .rodata.* .gnu.linkonce.r.*)
 .rodata        0xc0005000       0x45 build/main.o
 .rodata        0xc0005045       0x22 build/init.o
 *fill*         0xc0005067        0x1 
 .rodata        0xc0005068      0x2ba build/interrupt.o
 *fill*         0xc0005322        0x2 
 .rodata        0xc0005324       0x73 build/timer.o
 .rodata        0xc0005397       0x47 build/debug.o
 *fill*         0xc00053de        0x2 
 .rodata        0xc00053e0       0x53 build/log.o
 *fill*         0xc0005433        0x1 
 .rodata        0xc0005434       0x33 build/bitmap.o
 *fill*         0xc0005467        0x1 
 .rodata        0xc0005468      0x128 build/memory.o
 .rodata        0xc0005590       0xd0 build/string.o
 .rodata        0xc0005660      0x293 build/thread.o
 *fill*         0xc00058f3        0x1 
 .rodata        0xc00058f4      0x131 build/sync.o
 .rodata        0xc0005a25       0x38 build/keyboard.o
 *fill*         0xc0005a5d        0x3 
 .rodata        0xc0005a60       0x48 build/ioqueue.o

.rodata1
 *(.rodata1)

.eh_frame_hdr
 *(.eh_frame_hdr)
 *(.eh_frame_entry .eh_frame_entry.*)

.eh_frame       0xc0005aa8      0xca0
 *(.eh_frame)
 .eh_frame      0xc0005aa8       0x54 build/main.o
 .eh_frame      0xc0005afc       0x24 build/init.o
                                 0x50 (size before relaxing)
 .eh_frame      0xc0005b20      0x1a8 build/interrupt.o
                                0x1d4 (size before relaxing)
 .eh_frame      0xc0005cc8       0x94 build/timer.o
                                 0xd4 (size before relaxing)
 .eh_frame      0xc0005d5c       0x1c build/debug.o
                                 0x48 (size before relaxing)
 .eh_frame      0xc0005d78       0x6c build/log.o
                                 0xac (size before relaxing)
 .eh_frame      0xc0005de4       0x8c build/bitmap.o
                                 0xb8 (size before relaxing)
 .eh_frame      0xc0005e70      0x184 build/memory.o
                                0x1c4 (size before relaxing)
 .eh_frame      0xc0005ff4      0x168 build/string.o
                                0x194 (size before relaxing)
 .eh_frame      0xc000615c      0x174 build/thread.o
                                0x1b4 (size before relaxing)
 .eh_frame      0xc00062d0      0x148 build/list.o
                                0x188 (size before relaxing)
 .eh_frame      0xc0006418       0xdc build/sync.o
                                0x11c (size before relaxing)
 .eh_frame      0xc00064f4       0xd8 build/console.o
                                0x118 (size before relaxing)
 .eh_frame      0xc00065cc       0x68 build/keyboard.o
                                 0xa8 (size before relaxing)
 .eh_frame      0xc0006634      0x114 build/ioqueue.o
                                0x154 (size before relaxing)
 *(.eh_frame.*)

.sframe
 *(.sframe)
 *(.sframe.*)

.gcc_except_table
 *(.gcc_except_table .gcc_except_table.*)

.gnu_extab
 *(.gnu_extab*)

.exception_ranges
 *(.exception_ranges*)
                0xc0007ff4                        . = DATA_SEGMENT_ALIGN (CONSTANT (MAXPAGESIZE), CONSTANT (COMMONPAGESIZE))

.eh_frame
 *(.eh_frame)
 *(.eh_frame.*)

.sframe
 *(.sframe)
 *(.sframe.*)

.gnu_extab
 *(.gnu_extab)

.gcc_except_table
 *(.gcc_except_table .gcc_except_table.*)

.exception_ranges
 *(.exception_ranges*)

.tdata          0xc0007ff4        0x0
                [!provide]                        PROVIDE (__tdata_start = .)
 *(.tdata .tdata.* .gnu.linkonce.td.*)

.tbss
 *(.tbss .tbss.* .gnu.linkonce.tb.*)
 *(.tcommon)

.preinit_array  0xc0007ff4        0x0
                [!provide]                        PROVIDE (__preinit_array_start = .)
 *(.preinit_array)
                [!provide]                        PROVIDE (__preinit_array_end = .)

.init_array     0xc0007ff4        0x0
                [!provide]                        PROVIDE (__init_array_start = .)
 *(SORT_BY_INIT_PRIORITY(.init_array.*) SORT_BY_INIT_PRIORITY(.ctors.*))
 *(.init_array EXCLUDE_FILE(*crtend?.o *crtend.o *crtbegin?.o *crtbegin.o) .ctors)
                [!provide]                        PROVIDE (__init_array_end = .)

.fini_array     0xc0007ff4        0x0
                [!provide]                        PROVIDE (__fini_array_start = .)
 *(SORT_BY_INIT_PRIORITY(.fini_array.*) SORT_BY_INIT_PRIORITY(.dtors.*))
 *(.fini_array EXCLUDE_FILE(*crtend?.o *crtend.o *crtbegin?.o *crtbegin.o) .dtors)
                [!provide]                        PROVIDE (__fini_array_end = .)

.ctors
 *crtbegin.o(.ctors)
 *crtbegin?.o(.ctors)
 *(EXCLUDE_FILE(*crtend?.o *crtend.o) .ctors)
 *(SORT_BY_NAME(.ctors.*))
 *(.ctors)

.dtors
 *crtbegin.o(.dtors)
 *crtbegin?.o(.dtors)
 *(EXCLUDE_FILE(*crtend?.o *crtend.o) .dtors)
 *(SORT_BY_NAME(.dtors.*))
 *(.dtors)

.jcr
 *(.jcr)

.data.rel.ro
 *(.data.rel.ro.local* .gnu.linkonce.d.rel.ro.local.*)
 *(.data.rel.ro .data.rel.ro.* .gnu.linkonce.d.rel.ro.*)

.dynamic
 *(.dynamic)

.got            0xc0007ff4        0x0
 *(.got)
 .got           0xc0007ff4        0x0 build/main.o
 *(.igot)
                0xc0007ff4                        . = DATA_SEGMENT_RELRO_END (., (SIZEOF (.got.plt) >= 0xc)?0xc:0x0)

.got.plt        0xc0007ff4        0xc
 *(.got.plt)
 .got.plt       0xc0007ff4        0xc build/main.o
                0xc0007ff4                _GLOBAL_OFFSET_TABLE_
 *(.igot.plt)
 .igot.plt      0xc0008000        0x0 build/main.o

.data           0xc0008000      0x156
 *(.data .data.* .gnu.linkonce.d.*)
 .data          0xc0008000        0x0 build/main.o
 .data          0xc0008000        0x0 build/init.o
 .data          0xc0008000        0x0 build/interrupt.o
 .data          0xc0008000        0x0 build/timer.o
 .data          0xc0008000       0xd2 build/kernel.o
                0xc0008012                intr_entry_table
 *fill*         0xc00080d2        0x2 
 .data          0xc00080d4        0x8 build/print.o
 .data          0xc00080dc        0x0 build/debug.o
 .data          0xc00080dc        0x0 build/log.o
 .data          0xc00080dc        0x0 build/bitmap.o
 .data          0xc00080dc        0x0 build/memory.o
 .data          0xc00080dc        0x0 build/string.o
 .data          0xc00080dc        0x0 build/thread.o
 .data          0xc00080dc        0x0 build/list.o
 .data          0xc00080dc        0x0 build/sync.o
 .data          0xc00080dc        0x0 build/console.o
 *fill*         0xc00080dc        0x4 
 .data          0xc00080e0       0x76 build/keyboard.o
 .data          0xc0008156        0x0 build/ioqueue.o

.data1
 *(.data1)
                0xc0008156                        _edata = .
                [!provide]                        PROVIDE (edata = .)
                0xc0008158                        . = ALIGN (ALIGNOF (NEXT_SECTION))
                0xc0008160                        __bss_start = .

.bss            0xc0008160      0x3e8
 *(.dynbss)
 *(.bss .bss.* .gnu.linkonce.b.*)
 .bss           0xc0008160        0x0 build/main.o
 .bss           0xc0008160        0x0 build/init.o
 .bss           0xc0008160      0x300 build/interrupt.o
                0xc0008160                intr_name
                0xc0008220                idt_table
 .bss           0xc0008460        0x4 build/timer.o
                0xc0008460                ticks
 .bss           0xc0008464        0x0 build/debug.o
 .bss           0xc0008464        0x0 build/log.o
 .bss           0xc0008464        0x0 build/bitmap.o
 .bss           0xc0008464       0x2c build/memory.o
                0xc0008464                kernel_pool
                0xc0008474                user_pool
                0xc0008484                kernel_addr
 .bss           0xc0008490        0x0 build/string.o
 .bss           0xc0008490       0x28 build/thread.o
                0xc0008490                main_thread
                0xc0008494                thread_ready_list
                0xc00084a4                thread_all_list
 .bss           0xc00084b8        0x0 build/list.o
 .bss           0xc00084b8        0x0 build/sync.o
 .bss           0xc00084b8       0x1c build/console.o
 *fill*         0xc00084d4        0xc 
 .bss           0xc00084e0       0x68 build/keyboard.o
                0xc00084e0                kbd_buf
 .bss           0xc0008548        0x0 build/ioqueue.o
 *(COMMON)
                0xc0008548                        . = ALIGN ((. != 0x0)?0x4:0x1)
                0xc0008548                        . = ALIGN (0x4)
                0xc0008548                        . = SEGMENT_START ("ldata-segment", .)
                0xc0008548                        . = ALIGN (0x4)
                0xc0008548                        _end = .
                [!provide]                        PROVIDE (end = .)
                0xc0008548                        . = DATA_SEGMENT_END (.)

.stab
 *(.stab)

.stabstr
 *(.stabstr)

.stab.excl
 *(.stab.excl)

.stab.exclstr
 *(.stab.exclstr)

.stab.index
 *(.stab.index)

.stab.indexstr
 *(.stab.indexstr)

.comment        0x00000000       0x2b
 *(.comment)
 .comment       0x00000000       0x2b build/main.o
                                 0x2c (size before relaxing)
 .comment       0x0000002b       0x2c build/init.o
 .comment       0x0000002b       0x2c build/interrupt.o
 .comment       0x0000002b       0x2c build/timer.o
 .comment       0x0000002b       0x2c build/debug.o
 .comment       0x0000002b       0x2c build/log.o
 .comment       0x0000002b       0x2c build/bitmap.o
 .comment       0x0000002b       0x2c build/memory.o
 .comment       0x0000002b       0x2c build/string.o
 .comment       0x0000002b       0x2c build/thread.o
 .comment       0x0000002b       0x2c build/list.o
 .comment       0x0000002b       0x2c build/sync.o
 .comment       0x0000002b       0x2c build/console.o
 .comment       0x0000002b       0x2c build/keyboard.o
 .comment       0x0000002b       0x2c build/ioqueue.o

.gnu.build.attributes
 *(.gnu.build.attributes .gnu.build.attributes.*)

.debug
 *(.debug)

.line
 *(.line)

.debug_srcinfo
 *(.debug_srcinfo)

.debug_sfnames
 *(.debug_sfnames)

.debug_aranges
 *(.debug_aranges)

.debug_pubnames
 *(.debug_pubnames)

.debug_info
 *(.debug_info .gnu.linkonce.wi.*)

.debug_abbrev
 *(.debug_abbrev)

.debug_line
 *(.debug_line .debug_line.* .debug_line_end)

.debug_frame
 *(.debug_frame)

.debug_str
 *(.debug_str)

.debug_loc
 *(.debug_loc)

.debug_macinfo
 *(.debug_macinfo)

.debug_weaknames
 *(.debug_weaknames)

.debug_funcnames
 *(.debug_funcnames)

.debug_typenames
 *(.debug_typenames)

.debug_varnames
 *(.debug_varnames)

.debug_pubtypes
 *(.debug_pubtypes)

.debug_ranges
 *(.debug_ranges)

.debug_addr
 *(.debug_addr)

.debug_line_str
 *(.debug_line_str)

.debug_loclists
 *(.debug_loclists)

.debug_macro
 *(.debug_macro)

.debug_names
 *(.debug_names)

.debug_rnglists
 *(.debug_rnglists)

.debug_str_offsets
 *(.debug_str_offsets)

.debug_sup
 *(.debug_sup)

.gnu.attributes
 *(.gnu.attributes)

/DISCARD/
 *(.note.GNU-stack)
 *(.gnu_debuglink)
 *(.gnu.lto_*)
OUTPUT(build/kernel.bin elf32-i386)
